
> postcreator-backend@1.0.0 test
> jest --coverage

  console.error
    Groq Generation Error: Groq API Error

    [0m [90m 41 |[39m         [36mreturn[39m response[33m;[39m
     [90m 42 |[39m     } [36mcatch[39m (error) {
    [31m[1m>[22m[39m[90m 43 |[39m         console[33m.[39merror([32m'Groq Generation Error:'[39m[33m,[39m error[33m.[39mmessage)[33m;[39m
     [90m    |[39m                 [31m[1m^[22m[39m
     [90m 44 |[39m         [36mthrow[39m [36mnew[39m [33mError[39m([32m'Failed to generate variations: '[39m [33m+[39m error[33m.[39mmessage)[33m;[39m
     [90m 45 |[39m     }
     [90m 46 |[39m }[33m;[39m[0m

      at Object.error [as generatePostVariations] (src/services/generationService.js:43:17)
      at Object.<anonymous> (tests/services/generationService.test.js:56:9)

  console.error
    Groq Generation Error: Unexpected token 'I', "Invalid JSON" is not valid JSON

    [0m [90m 41 |[39m         [36mreturn[39m response[33m;[39m
     [90m 42 |[39m     } [36mcatch[39m (error) {
    [31m[1m>[22m[39m[90m 43 |[39m         console[33m.[39merror([32m'Groq Generation Error:'[39m[33m,[39m error[33m.[39mmessage)[33m;[39m
     [90m    |[39m                 [31m[1m^[22m[39m
     [90m 44 |[39m         [36mthrow[39m [36mnew[39m [33mError[39m([32m'Failed to generate variations: '[39m [33m+[39m error[33m.[39mmessage)[33m;[39m
     [90m 45 |[39m     }
     [90m 46 |[39m }[33m;[39m[0m

      at Object.error [as generatePostVariations] (src/services/generationService.js:43:17)
      at Object.<anonymous> (tests/services/generationService.test.js:73:9)

npm.cmd : (node:37468) [DEP0040] DeprecationWarning: The `punycode` module is deprecated. Please use a userland 
alternative instead.
At line:1 char:1
+ npm.cmd test > test_output.txt 2>&1
+ ~~~~~~~~~~~~~~~~~~~~~~~~~~~~~~~~~~~
    + CategoryInfo          : NotSpecified: ((node:37468) [D...native instead.:String) [], RemoteException
    + FullyQualifiedErrorId : NativeCommandError
 
(Use `node --trace-deprecation ...` to show where the warning was created)
PASS tests/services/generationService.test.js
  GenerationService
    ΓêÜ should generate variations successfully (27 ms)
    ΓêÜ should throw error if Groq fails (125 ms)
    ΓêÜ should throw error if response is not valid JSON (8 ms)

  console.warn
    [Monitoring] APPLICATIONINSIGHTS_CONNECTION_STRING not found. Telemetry disabled.

    [0m [90m 10 |[39m
     [90m 11 |[39m     [36mif[39m ([33m![39mconnectionString) {
    [31m[1m>[22m[39m[90m 12 |[39m         console[33m.[39mwarn([32m'[Monitoring] APPLICATIONINSIGHTS_CONNECTION_STRING not found. Telemetry disabled.'[39m)[33m;[39m
     [90m    |[39m                 [31m[1m^[22m[39m
     [90m 13 |[39m         [36mreturn[39m[33m;[39m
     [90m 14 |[39m     }
     [90m 15 |[39m[0m

      at warn (src/config/appInsights.js:12:17)
      at Object.initAppInsights (src/app.js:3:1)
      at Object.require (tests/integration/twitter.test.js:2:13)

  console.warn
    [Monitoring] APPLICATIONINSIGHTS_CONNECTION_STRING not found. Telemetry disabled.

    [0m [90m 10 |[39m
     [90m 11 |[39m     [36mif[39m ([33m![39mconnectionString) {
    [31m[1m>[22m[39m[90m 12 |[39m         console[33m.[39mwarn([32m'[Monitoring] APPLICATIONINSIGHTS_CONNECTION_STRING not found. Telemetry disabled.'[39m)[33m;[39m
     [90m    |[39m                 [31m[1m^[22m[39m
     [90m 13 |[39m         [36mreturn[39m[33m;[39m
     [90m 14 |[39m     }
     [90m 15 |[39m[0m

      at warn (src/config/appInsights.js:12:17)
      at Object.initAppInsights (src/app.js:3:1)
      at Object.require (tests/integration/auth.test.js:2:13)

  console.warn
    [Monitoring] APPLICATIONINSIGHTS_CONNECTION_STRING not found. Telemetry disabled.

    [0m [90m 10 |[39m
     [90m 11 |[39m     [36mif[39m ([33m![39mconnectionString) {
    [31m[1m>[22m[39m[90m 12 |[39m         console[33m.[39mwarn([32m'[Monitoring] APPLICATIONINSIGHTS_CONNECTION_STRING not found. Telemetry disabled.'[39m)[33m;[39m
     [90m    |[39m                 [31m[1m^[22m[39m
     [90m 13 |[39m         [36mreturn[39m[33m;[39m
     [90m 14 |[39m     }
     [90m 15 |[39m[0m

      at warn (src/config/appInsights.js:12:17)
      at Object.initAppInsights (src/app.js:3:1)
      at Object.require (tests/integration/posts.test.js:2:13)

  console.log
    [TwitterService] Tweet published for user user123: tweet789

      at Object.log [as publishTweet] (src/services/twitterPublishService.js:25:17)

  console.error
    [TwitterService] Publish Error: { errors: [ { message: 'Internal Server Error', code: 999 } ] }

    [0m [90m 26 |[39m         [36mreturn[39m response[33m.[39mdata[33m.[39mdata[33m.[39mid[33m;[39m
     [90m 27 |[39m     } [36mcatch[39m (error) {
    [31m[1m>[22m[39m[90m 28 |[39m         console[33m.[39merror([32m'[TwitterService] Publish Error:'[39m[33m,[39m error[33m.[39mresponse[33m?[39m[33m.[39mdata [33m||[39m error[33m.[39mmessage)[33m;[39m
     [90m    |[39m                 [31m[1m^[22m[39m
     [90m 29 |[39m
     [90m 30 |[39m         [36mlet[39m errorMessage [33m=[39m [32m'Twitter API call failed'[39m[33m;[39m
     [90m 31 |[39m         [36mlet[39m isRecoverable [33m=[39m [36mtrue[39m[33m;[39m[0m

      at Object.error [as publishTweet] (src/services/twitterPublishService.js:28:17)
      at Object.<anonymous> (tests/services/twitterPublishService.test.js:54:13)

  console.error
    [TwitterService] Publish Error: { errors: [ { message: 'Duplicate tweet', code: 187 } ] }

    [0m [90m 26 |[39m         [36mreturn[39m response[33m.[39mdata[33m.[39mdata[33m.[39mid[33m;[39m
     [90m 27 |[39m     } [36mcatch[39m (error) {
    [31m[1m>[22m[39m[90m 28 |[39m         console[33m.[39merror([32m'[TwitterService] Publish Error:'[39m[33m,[39m error[33m.[39mresponse[33m?[39m[33m.[39mdata [33m||[39m error[33m.[39mmessage)[33m;[39m
     [90m    |[39m                 [31m[1m^[22m[39m
     [90m 29 |[39m
     [90m 30 |[39m         [36mlet[39m errorMessage [33m=[39m [32m'Twitter API call failed'[39m[33m;[39m
     [90m 31 |[39m         [36mlet[39m isRecoverable [33m=[39m [36mtrue[39m[33m;[39m[0m

      at Object.error [as publishTweet] (src/services/twitterPublishService.js:28:17)
      at Object.<anonymous> (tests/services/twitterPublishService.test.js:73:13)

  console.error
    [TwitterService] Publish Error: undefined

    [0m [90m 26 |[39m         [36mreturn[39m response[33m.[39mdata[33m.[39mdata[33m.[39mid[33m;[39m
     [90m 27 |[39m     } [36mcatch[39m (error) {
    [31m[1m>[22m[39m[90m 28 |[39m         console[33m.[39merror([32m'[TwitterService] Publish Error:'[39m[33m,[39m error[33m.[39mresponse[33m?[39m[33m.[39mdata [33m||[39m error[33m.[39mmessage)[33m;[39m
     [90m    |[39m                 [31m[1m^[22m[39m
     [90m 29 |[39m
     [90m 30 |[39m         [36mlet[39m errorMessage [33m=[39m [32m'Twitter API call failed'[39m[33m;[39m
     [90m 31 |[39m         [36mlet[39m isRecoverable [33m=[39m [36mtrue[39m[33m;[39m[0m

      at Object.error [as publishTweet] (src/services/twitterPublishService.js:28:17)
      at Object.<anonymous> (tests/services/twitterPublishService.test.js:89:13)

PASS tests/services/twitterPublishService.test.js
  TwitterPublishService
    ΓêÜ should publish a tweet successfully (132 ms)
    ΓêÜ should handle recoverable twitter errors (16 ms)
    ΓêÜ should handle non-recoverable duplicate tweet error (6 ms)
    ΓêÜ should handle unauthorized error as non-recoverable (11 ms)

  console.log
    No token found. Cookies: {}

      at log (src/middleware/authMiddleware.js:37:17)

  console.log
    Headers: undefined

      at log (src/middleware/authMiddleware.js:38:17)

  console.error
    Auth Middleware Error: Invalid token

    [0m [90m 31 |[39m             next()[33m;[39m
     [90m 32 |[39m         } [36mcatch[39m (error) {
    [31m[1m>[22m[39m[90m 33 |[39m             console[33m.[39merror([32m'Auth Middleware Error:'[39m[33m,[39m error[33m.[39mmessage)[33m;[39m
     [90m    |[39m                     [31m[1m^[22m[39m
     [90m 34 |[39m             res[33m.[39mstatus([35m401[39m)[33m.[39mjson({ message[33m:[39m [32m'Not authorized, token failed'[39m })[33m;[39m
     [90m 35 |[39m         }
     [90m 36 |[39m     } [36melse[39m {[0m

      at error (src/middleware/authMiddleware.js:33:21)
      at Object.protect (tests/middleware/authMiddleware.test.js:62:15)

PASS tests/middleware/authMiddleware.test.js
  AuthMiddleware
    ΓêÜ should call next if token is valid (cookie) (32 ms)
    ΓêÜ should call next if token is valid (header) (2 ms)
    ΓêÜ should return 401 if no token found (113 ms)
    ΓêÜ should return 401 if token verification fails (14 ms)
    ΓêÜ should return 401 if user not found in database (3 ms)

  console.log
    Twitter tokens refreshed for user user123

      at Object.log [as refreshTwitterToken] (src/services/twitterTokenService.js:55:17)

  console.error
    Token refresh error: No refresh token available

    [0m [90m 61 |[39m         }[33m;[39m
     [90m 62 |[39m     } [36mcatch[39m (error) {
    [31m[1m>[22m[39m[90m 63 |[39m         console[33m.[39merror([32m'Token refresh error:'[39m[33m,[39m error[33m.[39mresponse[33m?[39m[33m.[39mdata [33m||[39m error[33m.[39mmessage)[33m;[39m
     [90m    |[39m                 [31m[1m^[22m[39m
     [90m 64 |[39m         [36mthrow[39m [36mnew[39m [33mError[39m([32m'Failed to refresh Twitter token'[39m)[33m;[39m
     [90m 65 |[39m     }
     [90m 66 |[39m }[33m;[39m[0m

      at Object.error [as refreshTwitterToken] (src/services/twitterTokenService.js:63:17)
      at Object.<anonymous> (tests/services/twitterTokenService.test.js:68:13)

  console.log
    Token expired for user user123, refreshing...

      at Object.log [as ensureValidToken] (src/services/twitterTokenService.js:83:21)

  console.log
    Twitter tokens refreshed for user user123

      at log (src/services/twitterTokenService.js:55:17)

PASS tests/services/twitterTokenService.test.js
  TwitterTokenService
    isTokenExpired
      ΓêÜ should return true if expiresAt is missing (22 ms)
      ΓêÜ should return true if token expires in less than 5 minutes (1 ms)
      ΓêÜ should return false if token is valid for more than 5 minutes (2 ms)
    refreshTwitterToken
      ΓêÜ should refresh token and update user (106 ms)
      ΓêÜ should throw error if user or refresh token is missing (48 ms)
    ensureValidToken
      ΓêÜ should return existing token if not expired (2 ms)
      ΓêÜ should refresh token if expired (6 ms)

(node:11724) [DEP0040] DeprecationWarning: The `punycode` module is deprecated. Please use a userland alternative 
instead.
(Use `node --trace-deprecation ...` to show where the warning was created)
(node:32116) [DEP0040] DeprecationWarning: The `punycode` module is deprecated. Please use a userland alternative 
instead.
(Use `node --trace-deprecation ...` to show where the warning was created)
(node:20316) [DEP0040] DeprecationWarning: The `punycode` module is deprecated. Please use a userland alternative 
instead.
(Use `node --trace-deprecation ...` to show where the warning was created)
  console.log
    Generated Twitter Auth URL: https://twitter.com/i/oauth2/authorize?response_type=code&client_id=test-client-id&redirect_uri=http%3A%2F%2F127.0.0.1%3A5000%2Fapi%2Ftwitter%2Fcallback&scope=tweet.read+tweet.write+users.read+offline.access&state=7081012216c6c915017fb6b9a1b395b0&code_challenge=y-UIg0OF8ZTvK4VJ9cTvfPt7AOYI-c0J3XSJEkWYp2s&code_challenge_method=S256

      at log (src/controllers/twitterController.js:39:17)

  console.log
    Generated Twitter Auth URL: https://twitter.com/i/oauth2/authorize?response_type=code&client_id=test-client-id&redirect_uri=http%3A%2F%2F127.0.0.1%3A5000%2Fapi%2Ftwitter%2Fcallback&scope=tweet.read+tweet.write+users.read+offline.access&state=23e8eef4a2db235984b2bdaa52d89b15&code_challenge=NciMH1ijNw2RSPUu4sa-AHbMb7HG_2_WJG8vBOyino0&code_challenge_method=S256

      at log (src/controllers/twitterController.js:39:17)

  console.log
    No token found. Cookies: [Object: null prototype] {}

      at log (src/middleware/authMiddleware.js:37:17)

  console.log
    Headers: undefined

      at log (src/middleware/authMiddleware.js:38:17)

PASS tests/integration/twitter.test.js (9.294 s)
  Twitter API Integration Tests
    GET /api/twitter/connect
      ΓêÜ should return a valid Twitter OAuth URL and set cookies (1278 ms)
    GET /api/twitter/callback
      ΓêÜ should handle callback and store tokens (435 ms)

FAIL tests/integration/auth.test.js (9.559 s)
  Auth API Integration Tests
    POST /api/auth/register
      ΓêÜ should register a new user successfully (996 ms)
      ΓêÜ should return 400 if user already exists (239 ms)
      ΓêÜ should return 400 if required fields are missing (26 ms)
    POST /api/auth/login
      ΓêÜ should login successfully with correct credentials (342 ms)
      ΓêÜ should fail with incorrect password (34 ms)
    GET /api/auth/me
      ├ù should fetch user profile with valid cookie (51 ms)
      ΓêÜ should return 401 without cookie (70 ms)
    Password Reset Flow
      ├ù should send a reset email if user exists (30 ms)
      ├ù should return 404 if user not found for forgot password (25 ms)
      ├ù should reset password with valid token (41 ms)
      ├ù should return 400 for invalid or expired token (28 ms)
    POST /api/auth/logout
      ├ù should logout and clear cookie (36 ms)

  ΓùÅ Auth API Integration Tests ΓÇ║ GET /api/auth/me ΓÇ║ should fetch user profile with valid cookie

    TypeError: Invalid value "undefined" for header "Cookie"

      at Test.setHeader [as request] (node_modules/superagent/src/node/index.js:830:39)
      at Test.request [as end] (node_modules/superagent/src/node/index.js:965:8)
      at Test.end (node_modules/supertest/lib/test.js:136:11)
      at end (node_modules/superagent/src/request-base.js:283:12)
      at Test.Object.<anonymous>.RequestBase.then (node_modules/superagent/src/request-base.js:265:31)

  ΓùÅ Auth API Integration Tests ΓÇ║ Password Reset Flow ΓÇ║ should send a reset email if user exists

    expect(received).toEqual(expected) // deep equality

    Expected: 200
    Received: 429

    [0m [90m 121 |[39m                 [33m.[39msend({ email[33m:[39m mockUser[33m.[39memail })[33m;[39m
     [90m 122 |[39m
    [31m[1m>[22m[39m[90m 123 |[39m             
expect(res[33m.[39mstatusCode)[33m.[39mtoEqual([35m200[39m)[33m;[39m
     [90m     |[39m                                    [31m[1m^[22m[39m
     [90m 124 |[39m             expect(res[33m.[39mbody[33m.[39mdata)[33m.[39mtoEqual([32m'Email 
sent'[39m)[33m;[39m
     [90m 125 |[39m
     [90m 126 |[39m             [36mconst[39m user [33m=[39m [36mawait[39m [33mUser[39m[33m.[39mfindOne({ 
email[33m:[39m mockUser[33m.[39memail })[33m;[39m[0m

      at Object.toEqual (tests/integration/auth.test.js:123:36)

  ΓùÅ Auth API Integration Tests ΓÇ║ Password Reset Flow ΓÇ║ should return 404 if user not found for forgot password

    expect(received).toEqual(expected) // deep equality

    Expected: 404
    Received: 429

    [0m [90m 134 |[39m                 [33m.[39msend({ email[33m:[39m [32m'nonexistent@test.com'[39m 
})[33m;[39m
     [90m 135 |[39m
    [31m[1m>[22m[39m[90m 136 |[39m             
expect(res[33m.[39mstatusCode)[33m.[39mtoEqual([35m404[39m)[33m;[39m
     [90m     |[39m                                    [31m[1m^[22m[39m
     [90m 137 |[39m             expect(res[33m.[39mbody[33m.[39mmessage)[33m.[39mtoMatch([35m/not 
found/i[39m)[33m;[39m
     [90m 138 |[39m         })[33m;[39m
     [90m 139 |[39m[0m

      at Object.toEqual (tests/integration/auth.test.js:136:36)

  ΓùÅ Auth API Integration Tests ΓÇ║ Password Reset Flow ΓÇ║ should reset password with valid token

    expect(received).toEqual(expected) // deep equality

    Expected: 200
    Received: 429

    [0m [90m 157 |[39m                 [33m.[39msend({ password[33m:[39m [32m'newpassword456'[39m 
})[33m;[39m
     [90m 158 |[39m
    [31m[1m>[22m[39m[90m 159 |[39m             
expect(res[33m.[39mstatusCode)[33m.[39mtoEqual([35m200[39m)[33m;[39m
     [90m     |[39m                                    [31m[1m^[22m[39m
     [90m 160 |[39m             
expect(res[33m.[39mbody[33m.[39mstatus)[33m.[39mtoEqual([32m'success'[39m)[33m;[39m
     [90m 161 |[39m             
expect(res[33m.[39mheaders[[32m'set-cookie'[39m])[33m.[39mtoBeDefined()[33m;[39m
     [90m 162 |[39m[0m

      at Object.toEqual (tests/integration/auth.test.js:159:36)

  ΓùÅ Auth API Integration Tests ΓÇ║ Password Reset Flow ΓÇ║ should return 400 for invalid or expired token

    expect(received).toEqual(expected) // deep equality

    Expected: 400
    Received: 429

    [0m [90m 171 |[39m                 [33m.[39msend({ password[33m:[39m [32m'newpassword456'[39m 
})[33m;[39m
     [90m 172 |[39m
    [31m[1m>[22m[39m[90m 173 |[39m             
expect(res[33m.[39mstatusCode)[33m.[39mtoEqual([35m400[39m)[33m;[39m
     [90m     |[39m                                    [31m[1m^[22m[39m
     [90m 174 |[39m             expect(res[33m.[39mbody[33m.[39mmessage)[33m.[39mtoMatch([35m/invalid or 
expired/i[39m)[33m;[39m
     [90m 175 |[39m         })[33m;[39m
     [90m 176 |[39m     })[33m;[39m[0m

      at Object.toEqual (tests/integration/auth.test.js:173:36)

  ΓùÅ Auth API Integration Tests ΓÇ║ POST /api/auth/logout ΓÇ║ should logout and clear cookie

    TypeError: Invalid value "undefined" for header "Cookie"

      at Test.setHeader [as request] (node_modules/superagent/src/node/index.js:830:39)
      at Test.request [as end] (node_modules/superagent/src/node/index.js:965:8)
      at Test.end (node_modules/supertest/lib/test.js:136:11)
      at end (node_modules/superagent/src/request-base.js:283:12)
      at Test.Object.<anonymous>.RequestBase.then (node_modules/superagent/src/request-base.js:265:31)

PASS tests/integration/posts.test.js (10.926 s)
  Post API Integration Tests
    POST /api/posts
      ΓêÜ should create a new post successfully (1058 ms)
      ΓêÜ should return 400 for invalid content (407 ms)
    PUT /api/posts/:id
      ΓêÜ should update a post successfully (373 ms)
      ΓêÜ should return 404 for non-existent post (312 ms)
    DELETE /api/posts/:id
      ΓêÜ should delete a post (288 ms)
    POST /api/posts/generate
      ΓêÜ should generate variations successfully (220 ms)
    GET /api/posts/calendar
      ΓêÜ should fetch posts for a specific month (246 ms)
    GET /api/posts
      ΓêÜ should fetch all posts for the authenticated user (321 ms)
    DELETE /api/posts/bulk
      ΓêÜ should delete multiple posts (242 ms)

A worker process has failed to exit gracefully and has been force exited. This is likely caused by tests leaking due 
to improper teardown. Try running with --detectOpenHandles to find leaks. Active timers can also cause this, ensure 
that .unref() was called on them.
---------------------------|---------|----------|---------|---------|--------------------------------------------------------------------------------------------------------------
File                       | % Stmts | % Branch | % Funcs | % Lines | Uncovered Line #s                                                                                            
---------------------------|---------|----------|---------|---------|--------------------------------------------------------------------------------------------------------------
All files                  |   75.57 |    57.23 |   76.31 |   75.52 |                                                                                                              
 src                       |   95.83 |      100 |       0 |   95.83 |                                                                                                              
  app.js                   |   95.83 |      100 |       0 |   95.83 | 33                                                                                                           
 src/config                |   63.63 |       50 |     100 |   63.63 |                                                                                                              
  appInsights.js           |   63.63 |       50 |     100 |   63.63 | 16-28                                                                                                        
 src/controllers           |   63.15 |    57.64 |      75 |   63.15 |                                                                                                              
  authController.js        |   45.56 |     64.7 |      50 |   45.56 | 40,66-67,93-94,102-106,114-158,166-195,203-209                                                               
  postController.js        |   71.02 |    56.45 |     100 |   71.02 | 13,17,27-28,40,46,49,74-75,93,98-100,113-114,129-130,142,147,160-161,184,189,221-222,234,267-268,280,295-296 
  twitterController.js     |   76.19 |       50 |      75 |   76.19 | 42-43,56,121-122,130-147                                                                                     
 src/middleware            |   73.07 |    58.33 |      75 |   73.07 |                                                                                                              
  authMiddleware.js        |     100 |      100 |     100 |     100 |                                                                                                              
  securityMiddleware.js    |     100 |      100 |     100 |     100 |                                                                                                              
  twitterAuthMiddleware.js |   17.64 |        0 |       0 |   17.64 | 9-46                                                                                                         
  validator.js             |     100 |      100 |     100 |     100 |                                                                                                              
 src/models                |   92.59 |       50 |     100 |   92.59 |                                                                                                              
  JobQueue.js              |     100 |      100 |     100 |     100 |                                                                                                              
  Post.js                  |     100 |      100 |     100 |     100 |                                                                                                              
  User.js                  |   86.66 |       50 |     100 |   86.66 | 42,50                                                                                                        
 src/routes                |   97.43 |      100 |       0 |   97.43 |                                                                                                              
  authRoutes.js            |     100 |      100 |     100 |     100 |                                                                                                              
  postRoutes.js            |     100 |      100 |     100 |     100 |                                                                                                              
  twitterRoutes.js         |    90.9 |      100 |       0 |    90.9 | 13                                                                                                           
 src/services              |   95.77 |    92.85 |     100 |   95.71 |                                                                                                              
  generationService.js     |     100 |      100 |     100 |     100 |                                                                                                              
  twitterPublishService.js |     100 |     87.5 |     100 |     100 | 42                                                                                                           
  twitterTokenService.js   |   91.66 |       95 |     100 |   91.42 | 78,90-91                                                                                                     
 src/utils                 |   27.27 |        0 |       0 |   27.27 |                                                                                                              
  emailService.js          |   27.27 |        0 |       0 |   27.27 | 12-39                                                                                                        
 tests/integration         |     100 |      100 |     100 |     100 |                                                                                                              
  setup.js                 |     100 |      100 |     100 |     100 |                                                                                                              
---------------------------|---------|----------|---------|---------|--------------------------------------------------------------------------------------------------------------
Test Suites: 1 failed, 6 passed, 7 total
Tests:       6 failed, 36 passed, 42 total
Snapshots:   0 total
Time:        12.185 s, estimated 13 s
Ran all test suites.
